// Jest Snapshot v1, https://goo.gl/fbAQLP

exports[`Test case for Main Content layout should render initial layout 1`] = `
Array [
  <div
    className="Main"
  >
    <SearchBar />
  </div>,
]
`;
