// Jest Snapshot v1, https://goo.gl/fbAQLP

exports[`Test case for SideBar layout should render initial layout 1`] = `
Array [
  <section
    className="SideBar"
  >
    <SearchBar />
  </section>,
]
`;
